// Jest Snapshot v1, https://goo.gl/fbAQLP

exports[`Result Detailspage tests should render full Detailspage 1`] = `
.c0 {
  display: -webkit-box;
  display: -webkit-flex;
  display: -ms-flexbox;
  display: flex;
  -webkit-flex-direction: column;
  -ms-flex-direction: column;
  flex-direction: column;
  -webkit-box-flex: 1;
  -webkit-flex-grow: 1;
  -ms-flex-positive: 1;
  flex-grow: 1;
  -webkit-box-pack: start;
  -webkit-justify-content: flex-start;
  -ms-flex-pack: start;
  justify-content: flex-start;
}

.c1 {
  display: -webkit-box;
  display: -webkit-flex;
  display: -ms-flexbox;
  display: flex;
  -webkit-flex-direction: row;
  -ms-flex-direction: row;
  flex-direction: row;
  -webkit-box-pack: justify;
  -webkit-justify-content: space-between;
  -ms-flex-pack: justify;
  justify-content: space-between;
  -webkit-align-items: flex-start;
  -webkit-box-align: flex-start;
  -ms-flex-align: flex-start;
  align-items: flex-start;
}

.c16 {
  display: -webkit-box;
  display: -webkit-flex;
  display: -ms-flexbox;
  display: flex;
  -webkit-flex-direction: row;
  -ms-flex-direction: row;
  flex-direction: row;
  -webkit-box-pack: justify;
  -webkit-justify-content: space-between;
  -ms-flex-pack: justify;
  justify-content: space-between;
  -webkit-align-items: center;
  -webkit-box-align: center;
  -ms-flex-align: center;
  align-items: center;
}

.c17 {
  display: -webkit-box;
  display: -webkit-flex;
  display: -ms-flexbox;
  display: flex;
  -webkit-flex-direction: row;
  -ms-flex-direction: row;
  flex-direction: row;
  -webkit-box-pack: start;
  -webkit-justify-content: flex-start;
  -ms-flex-pack: start;
  justify-content: flex-start;
}

.c19 {
  display: -webkit-box;
  display: -webkit-flex;
  display: -ms-flexbox;
  display: flex;
  -webkit-flex-direction: column;
  -ms-flex-direction: column;
  flex-direction: column;
  -webkit-box-flex: 1;
  -webkit-flex-grow: 1;
  -ms-flex-positive: 1;
  flex-grow: 1;
  -webkit-box-pack: center;
  -webkit-justify-content: center;
  -ms-flex-pack: center;
  justify-content: center;
  -webkit-align-items: stretch;
  -webkit-box-align: stretch;
  -ms-flex-align: stretch;
  align-items: stretch;
}

.c21 {
  display: -webkit-box;
  display: -webkit-flex;
  display: -ms-flexbox;
  display: flex;
  -webkit-flex-direction: row;
  -ms-flex-direction: row;
  flex-direction: row;
  -webkit-box-pack: start;
  -webkit-justify-content: flex-start;
  -ms-flex-pack: start;
  justify-content: flex-start;
  -webkit-align-items: stretch;
  -webkit-box-align: stretch;
  -ms-flex-align: stretch;
  align-items: stretch;
}

.c24 {
  display: -webkit-box;
  display: -webkit-flex;
  display: -ms-flexbox;
  display: flex;
  -webkit-flex-direction: column;
  -ms-flex-direction: column;
  flex-direction: column;
  -webkit-box-pack: center;
  -webkit-justify-content: center;
  -ms-flex-pack: center;
  justify-content: center;
  -webkit-align-items: center;
  -webkit-box-align: center;
  -ms-flex-align: center;
  align-items: center;
}

.c26 {
  display: -webkit-box;
  display: -webkit-flex;
  display: -ms-flexbox;
  display: flex;
  -webkit-flex-direction: column;
  -ms-flex-direction: column;
  flex-direction: column;
  -webkit-box-pack: center;
  -webkit-justify-content: center;
  -ms-flex-pack: center;
  justify-content: center;
  -webkit-align-items: stretch;
  -webkit-box-align: stretch;
  -ms-flex-align: stretch;
  align-items: stretch;
}

.c31 {
  display: -webkit-box;
  display: -webkit-flex;
  display: -ms-flexbox;
  display: flex;
  -webkit-flex-direction: column;
  -ms-flex-direction: column;
  flex-direction: column;
  -webkit-box-pack: center;
  -webkit-justify-content: center;
  -ms-flex-pack: center;
  justify-content: center;
  -webkit-align-items: flex-start;
  -webkit-box-align: flex-start;
  -ms-flex-align: flex-start;
  align-items: flex-start;
}

.c6 {
  display: -webkit-inline-box;
  display: -webkit-inline-flex;
  display: -ms-inline-flexbox;
  display: inline-flex;
}

.c3 {
  display: -webkit-box;
  display: -webkit-flex;
  display: -ms-flexbox;
  display: flex;
  -webkit-flex-direction: row;
  -ms-flex-direction: row;
  flex-direction: row;
  -webkit-box-pack: start;
  -webkit-justify-content: start;
  -ms-flex-pack: start;
  justify-content: start;
  -webkit-align-items: center;
  -webkit-box-align: center;
  -ms-flex-align: center;
  align-items: center;
  margin-left: -10px;
}

.c3 > * {
  display: -webkit-inline-box;
  display: -webkit-inline-flex;
  display: -ms-inline-flexbox;
  display: inline-flex;
}

.c3 > * {
  margin-left: 10px;
}

.c4 {
  display: -webkit-box;
  display: -webkit-flex;
  display: -ms-flexbox;
  display: flex;
  -webkit-flex-direction: row;
  -ms-flex-direction: row;
  flex-direction: row;
  -webkit-box-pack: start;
  -webkit-justify-content: start;
  -ms-flex-pack: start;
  justify-content: start;
  -webkit-align-items: center;
  -webkit-box-align: center;
  -ms-flex-align: center;
  align-items: center;
  margin-left: -5px;
}

.c4 > * {
  display: -webkit-inline-box;
  display: -webkit-inline-flex;
  display: -ms-inline-flexbox;
  display: inline-flex;
}

.c4 > * {
  margin-left: 5px;
}

.c37 {
  display: -webkit-box;
  display: -webkit-flex;
  display: -ms-flexbox;
  display: flex;
  -webkit-flex-direction: row;
  -ms-flex-direction: row;
  flex-direction: row;
  -webkit-flex-wrap: wrap;
  -ms-flex-wrap: wrap;
  flex-wrap: wrap;
  -webkit-box-pack: start;
  -webkit-justify-content: flex-start;
  -ms-flex-pack: start;
  justify-content: flex-start;
  -webkit-align-items: stretch;
  -webkit-box-align: stretch;
  -ms-flex-align: stretch;
  align-items: stretch;
  margin-left: -5px;
}

.c37 > * {
  display: -webkit-inline-box;
  display: -webkit-inline-flex;
  display: -ms-inline-flexbox;
  display: inline-flex;
}

.c37 > * {
  margin-left: 5px;
}

.c2 {
  display: -webkit-box;
  display: -webkit-flex;
  display: -ms-flexbox;
  display: flex;
  -webkit-flex-direction: row;
  -ms-flex-direction: row;
  flex-direction: row;
  -webkit-box-pack: start;
  -webkit-justify-content: start;
  -ms-flex-pack: start;
  justify-content: start;
  -webkit-align-items: center;
  -webkit-box-align: center;
  -ms-flex-align: center;
  align-items: center;
  display: -webkit-inline-box;
  display: -webkit-inline-flex;
  display: -ms-inline-flexbox;
  display: inline-flex;
}

.c7 {
  cursor: pointer;
}

.c5 {
  height: 16px;
  width: 16px;
  line-height: 16px;
}

.c5 * {
  height: inherit;
  width: inherit;
}

.c14 {
  height: 50px;
  width: 50px;
  line-height: 50px;
}

.c14 * {
  height: inherit;
  width: inherit;
}

.c10 {
  display: -webkit-box;
  display: -webkit-flex;
  display: -ms-flexbox;
  display: flex;
  -webkit-flex-direction: row;
  -ms-flex-direction: row;
  flex-direction: row;
  -webkit-box-pack: justify;
  -webkit-justify-content: space-between;
  -ms-flex-pack: justify;
  justify-content: space-between;
  -webkit-align-items: flex-end;
  -webkit-box-align: flex-end;
  -ms-flex-align: flex-end;
  align-items: flex-end;
  margin: 10px 0px;
  padding-bottom: 1px;
  border-bottom: 2px solid #c8d3d9;
  position: relative;
}

.c11 {
  margin: 0 0 1px 0;
}

.c12 {
  display: -webkit-box;
  display: -webkit-flex;
  display: -ms-flexbox;
  display: flex;
  -webkit-flex-direction: row;
  -ms-flex-direction: row;
  flex-direction: row;
  -webkit-box-pack: start;
  -webkit-justify-content: flex-start;
  -ms-flex-pack: start;
  justify-content: flex-start;
  -webkit-align-items: stretch;
  -webkit-box-align: stretch;
  -ms-flex-align: stretch;
  align-items: stretch;
}

.c13 {
  display: -webkit-box;
  display: -webkit-flex;
  display: -ms-flexbox;
  display: flex;
  -webkit-flex-direction: row;
  -ms-flex-direction: row;
  flex-direction: row;
  -webkit-box-pack: start;
  -webkit-justify-content: flex-start;
  -ms-flex-pack: start;
  justify-content: flex-start;
  -webkit-align-items: flex-end;
  -webkit-box-align: flex-end;
  -ms-flex-align: flex-end;
  align-items: flex-end;
  margin-right: 5px;
}

.c15 {
  display: -webkit-box;
  display: -webkit-flex;
  display: -ms-flexbox;
  display: flex;
  -webkit-flex-direction: row;
  -ms-flex-direction: row;
  flex-direction: row;
  -webkit-box-pack: start;
  -webkit-justify-content: flex-start;
  -ms-flex-pack: start;
  justify-content: flex-start;
  -webkit-align-items: flex-end;
  -webkit-box-align: flex-end;
  -ms-flex-align: flex-end;
  align-items: flex-end;
  word-break: break-all;
  min-width: 100px;
}

.c22 {
  font-size: 16px;
  display: -webkit-box;
  display: -webkit-flex;
  display: -ms-flexbox;
  display: flex;
  -webkit-align-items: start;
  -webkit-box-align: start;
  -ms-flex-align: start;
  align-items: start;
  -webkit-box-flex: 1;
  -webkit-flex-grow: 1;
  -ms-flex-positive: 1;
  flex-grow: 1;
  padding-left: 8px;
  padding-right: 8px;
  padding-bottom: 2px;
  padding-top: 2px;
  border-left: 1px solid #eeeeee;
  border-right: 1px solid #c8d3d9;
  cursor: pointer;
  background-color: #eeeeee;
  border-bottom: 1px solid #eeeeee;
  margin-bottom: -2px;
  border-top: 2px solid #87d050;
}

.c22:first-child {
  border-left: 1px solid #c8d3d9;
}

.c23 {
  font-size: 16px;
  display: -webkit-box;
  display: -webkit-flex;
  display: -ms-flexbox;
  display: flex;
  -webkit-align-items: start;
  -webkit-box-align: start;
  -ms-flex-align: start;
  align-items: start;
  -webkit-box-flex: 1;
  -webkit-flex-grow: 1;
  -ms-flex-positive: 1;
  flex-grow: 1;
  padding-left: 8px;
  padding-right: 8px;
  padding-bottom: 2px;
  padding-top: 2px;
  border-left: 1px solid #fff;
  border-right: 1px solid #c8d3d9;
  cursor: pointer;
  border-top: 2px solid #fff;
}

.c23:hover {
  border-top: 2px solid #c8d3d9;
}

.c23:first-child {
  border-left: 1px solid #fff;
}

.c20 {
  display: -webkit-box;
  display: -webkit-flex;
  display: -ms-flexbox;
  display: flex;
  -webkit-flex-direction: row;
  -ms-flex-direction: row;
  flex-direction: row;
  -webkit-box-flex: 1;
  -webkit-flex-grow: 1;
  -ms-flex-positive: 1;
  flex-grow: 1;
  -webkit-box-pack: start;
  -webkit-justify-content: flex-start;
  -ms-flex-pack: start;
  justify-content: flex-start;
  -webkit-align-items: flex-end;
  -webkit-box-align: flex-end;
  -ms-flex-align: flex-end;
  align-items: flex-end;
  border-bottom: 2px solid #66c430;
  margin-top: 30px;
  margin-bottom: 15px;
}

.c27 {
  border: 0;
  border-spacing: 0px;
  font-size: 12px;
  text-align: left;
  table-layout: auto;
}

.c28 td {
  padding: 4px 4px 4px 0;
}

.c28 tr td:first-child {
  padding-right: 5px;
}

.c18 {
  display: -webkit-box;
  display: -webkit-flex;
  display: -ms-flexbox;
  display: flex;
  -webkit-flex-direction: row;
  -ms-flex-direction: row;
  flex-direction: row;
  -webkit-box-pack: start;
  -webkit-justify-content: start;
  -ms-flex-pack: start;
  justify-content: start;
  -webkit-align-items: center;
  -webkit-box-align: center;
  -ms-flex-align: center;
  align-items: center;
  border-spacing: 0px;
  color: #787878;
  font-size: 10px;
}

.c18 :nth-child(even) {
  margin-left: 3px;
}

.c18 :nth-child(odd) {
  margin-left: 30px;
}

.c29 {
  width: 10%;
}

.c30 {
  width: 90%;
}

.c25 {
  font-size: 0.7em;
}

.c32 {
  height: 13px;
  box-sizing: content-box;
  display: inline-block;
  width: 100px;
  background: #393637;
  vertical-align: middle;
  text-align: center;
}

.c34 {
  z-index: 1;
  font-weight: bold;
  color: #fff;
  font-size: 9px;
  margin: 0;
  position: relative;
  top: -13px;
  padding-top: 1px;
}

.c33 {
  height: 13px;
  width: 50%;
  background: #f0a519;
}

.c8 {
  position: relative;
  display: -webkit-inline-box;
  display: -webkit-inline-flex;
  display: -ms-inline-flexbox;
  display: inline-flex;
  margin-right: 0px;
}

.c9 {
  display: -webkit-box;
  display: -webkit-flex;
  display: -ms-flexbox;
  display: flex;
  -webkit-flex-direction: row;
  -ms-flex-direction: row;
  flex-direction: row;
  -webkit-flex-wrap: wrap;
  -ms-flex-wrap: wrap;
  flex-wrap: wrap;
  -webkit-box-pack: center;
  -webkit-justify-content: center;
  -ms-flex-pack: center;
  justify-content: center;
  -webkit-align-content: center;
  -ms-flex-line-pack: center;
  align-content: center;
  -webkit-align-items: center;
  -webkit-box-align: center;
  -ms-flex-align: center;
  align-items: center;
  position: absolute;
  font-size: 10px;
  background-color: red;
  font-weight: bold;
  border-radius: 10px;
  min-width: 10px;
  padding: 3px 5px;
  z-index: 1;
  background-color: #66c430;
  color: #fff;
  bottom: -8px;
  right: 0px;
}

.c39 {
  white-space: pre-wrap;
  word-wrap: break-word;
}

.c38 {
  display: -webkit-box;
  display: -webkit-flex;
  display: -ms-flexbox;
  display: flex;
  -webkit-flex-direction: column;
  -ms-flex-direction: column;
  flex-direction: column;
  -webkit-box-pack: justify;
  -webkit-justify-content: space-between;
  -ms-flex-pack: justify;
  justify-content: space-between;
  border: 1px solid #c8d3d9;
  padding: 5px;
  margin-bottom: 10px;
  width: 400px;
}

.c38 h3 {
  margin-top: 0;
}

.c36 {
  white-space: pre-wrap;
  word-wrap: word-break;
}

.c35 {
  min-width: 500px;
  max-width: 1080px;
}

@media print {
  .c7 {
    display: none;
  }
}

@media print {
  .c27 {
    border-collapse: collapse;
  }
}

@media print {
  .c32 {
    background: none;
    border: 0;
  }
}

@media print {
  .c34 {
    color: black;
  }
}

@media print {
  .c33 {
    background: none;
  }
}

<body>
  <div
    id="portals"
  />
  <div>
    <div
      class="c0"
    >
      <div
        class="c1 toolbar"
      >
        <div
          class="c2"
        >
          <div
            class="c3"
            margin="10px"
          >
            <div
              class="c2"
            >
              <div
                class="c4"
                margin="5px"
              >
                <a
                  href="test/en/reports.html#displaying-all-existing-results"
                  rel="noopener noreferrer"
                  target="_blank"
                >
                  <span
                    class="c5"
                    data-testid="svg-icon"
                    title="Help: Results"
                  >
                    <svg
                      title="Help: Results"
                    >
                      help.svg
                    </svg>
                  </span>
                </a>
                <a
                  class="c6"
                  href="/results"
                >
                  <span
                    class="c5"
                    data-testid="svg-icon"
                    title="Results List"
                  >
                    <svg
                      title="Results List"
                    >
                      list.svg
                    </svg>
                  </span>
                </a>
                <span
                  class="c7 c5"
                  data-testid="svg-icon"
                  title="Export Result as XML"
                >
                  <svg
                    title="Export Result as XML"
                  >
                    export.svg
                  </svg>
                </span>
              </div>
            </div>
            <div
              class="c2"
            >
              <div
                class="c4"
                margin="5px"
              >
                <span
                  class="c7 c5"
                  data-testid="svg-icon"
                  title="Add new Note"
                >
                  <svg
                    title="Add new Note"
                  >
                    new_note.svg
                  </svg>
                </span>
                <span
                  class="c7 c5"
                  data-testid="svg-icon"
                  title="Add new Override"
                >
                  <svg
                    title="Add new Override"
                  >
                    new_override.svg
                  </svg>
                </span>
                <span
                  class="c7 c5"
                  data-testid="svg-icon"
                  title="Create new Ticket"
                >
                  <svg>
                    new_ticket.svg
                  </svg>
                </span>
              </div>
            </div>
            <div
              class="c2"
            >
              <div
                class="c4"
                margin="5px"
              >
                <a
                  class="c6"
                  data-testid="details-link"
                  href="/task/159"
                >
                  <span
                    class="c5"
                    data-testid="svg-icon"
                    title="Corresponding Task (task 1)"
                  >
                    <svg
                      title="Corresponding Task (task 1)"
                    >
                      task.svg
                    </svg>
                  </span>
                </a>
                <a
                  class="c6"
                  data-testid="details-link"
                  href="/report/314"
                >
                  <span
                    class="c5"
                    data-testid="svg-icon"
                    title="Corresponding Report"
                  >
                    <svg
                      title="Corresponding Report"
                    >
                      report.svg
                    </svg>
                  </span>
                </a>
                <a
                  class="c6"
                  href="/tickets?filter=result_id%3D12345"
                  title="Corresponding Tickets"
                >
                  <div
                    class="c8"
                  >
                    <span
                      class="c5"
                      data-testid="svg-icon"
                    >
                      <svg>
                        ticket.svg
                      </svg>
                    </span>
                    <span
                      class="c9"
                      data-testid="badge-icon"
                    >
                      1
                    </span>
                  </div>
                </a>
              </div>
            </div>
          </div>
        </div>
      </div>
      <section
        class="entity-section"
      >
        <div
          class="c10 section-header"
        >
          <h2
            class="c11 c12"
          >
            <div
              class="c13"
            >
              <span
                class="c14"
                data-testid="svg-icon"
              >
                <svg>
                  result.svg
                </svg>
              </span>
            </div>
            <div
              class="c15"
            >
              Result: foo
            </div>
          </h2>
          <div
            class="c16"
          >
            <div
              class="c17"
            >
              <div
                class="c18"
              >
                <div>
                  ID:
                </div>
                <div>
                  12345
                </div>
                <div>
                  Created:
                </div>
                <div>
                  Sun, Jun 2, 2019 2:00 PM CEST
                </div>
                <div>
                  Modified:
                </div>
                <div>
                  Mon, Jun 3, 2019 1:00 PM CEST
                </div>
                <div>
                  Owner:
                </div>
                <span>
                  admin
                </span>
              </div>
            </div>
          </div>
        </div>
        <div
          class="c19"
        >
          <div
            class="c20"
          >
            <div
              class="c21"
            >
              <div
                class="c22"
                data-testid="tab"
              >
                Information
              </div>
              <div
                class="c23"
                data-testid="tab"
              >
                <div
                  class="c24"
                >
                  <span
                    data-testid="entities-tab-title"
                  >
                    User Tags
                  </span>
                  <span
                    class="c25"
                  >
                    (
                    <i>
                      0
                    </i>
                    )
                  </span>
                </div>
              </div>
            </div>
          </div>
          <div
            class="c26"
          >
            <div
              class="c26"
            >
              <h2>
                Vulnerability
              </h2>
              <div>
                <div
                  class="c26"
                >
                  <table
                    class="c27 c28"
                  >
                    <colgroup>
                      <col
                        class="c29"
                        width="10%"
                      />
                      <col
                        class="c30"
                        width="90%"
                      />
                    </colgroup>
                    <tbody
                      class=""
                    >
                      <tr>
                        <td>
                          <div
                            class="c26"
                          >
                            Name
                          </div>
                        </td>
                        <td>
                          <div
                            class="c26"
                          >
                            foo
                          </div>
                        </td>
                      </tr>
                      <tr>
                        <td>
                          <div
                            class="c26"
                          >
                            Severity
                          </div>
                        </td>
                        <td>
                          <div
                            class="c31"
                          >
                            <div
                              class="c2"
                            >
                              <div
                                class="c4"
                                margin="5px"
                              >
                                <div
                                  class="c32"
                                  data-testid="progressbar-box"
                                  title="Medium"
                                >
                                  <div
                                    class="c33"
                                    data-testid="progress"
                                  />
                                  <div
                                    class="c34"
                                  >
                                    5.0 (Medium)
                                  </div>
                                </div>
                              </div>
                            </div>
                          </div>
                        </td>
                      </tr>
                      <tr>
                        <td>
                          <div
                            class="c26"
                          >
                            QoD
                          </div>
                        </td>
                        <td>
                          <div
                            class="c26"
                          >
                            80
                             %
                          </div>
                        </td>
                      </tr>
                      <tr>
                        <td>
                          <div
                            class="c26"
                          >
                            Host
                          </div>
                        </td>
                        <td>
                          <div
                            class="c26"
                          >
                            <span>
                              <a
                                class="c6"
                                data-testid="details-link"
                                href="/host/265"
                              >
                                109.876.54.321
                              </a>
                            </span>
                          </div>
                        </td>
                      </tr>
                      <tr>
                        <td>
                          <div
                            class="c26"
                          >
                            Location
                          </div>
                        </td>
                        <td>
                          <div
                            class="c26"
                          >
                            80/tcp
                          </div>
                        </td>
                      </tr>
                    </tbody>
                  </table>
                </div>
              </div>
            </div>
            <div
              class="c19"
            >
              <div
                class="c26"
              >
                <h2>
                  Detection Result
                </h2>
                <div>
                  <div
                    class="c35"
                  >
                    <pre
                      class="c36"
                    >
                      This is a description
                    </pre>
                  </div>
                </div>
              </div>
              <div
                class="c26"
              >
                <h2>
                  Detection Method
                </h2>
                <div>
                  <div
                    class="c26"
                  >
                    <table
                      class="c27 c28"
                    >
                      <colgroup>
                        <col
                          class="c29"
                          width="10%"
                        />
                        <col
                          class="c30"
                          width="90%"
                        />
                      </colgroup>
                      <tbody
                        class=""
                      >
                        <tr>
                          <td>
                            <div
                              class="c26"
                            >
                              Details: 
                            </div>
                          </td>
                          <td>
                            <div
                              class="c26"
                            >
                              No details available for this method.
                            </div>
                          </td>
                        </tr>
                      </tbody>
                    </table>
                  </div>
                </div>
              </div>
            </div>
            <div
              class="c26"
              id="notes"
            >
              <h2>
                Notes
              </h2>
              <div>
                <div
                  class="c2"
                >
                  <div
                    class="c37"
                    margin="5px"
                    width="15px"
                  >
                    <div
                      class="c38"
                    >
                      <div
                        class="c1"
                      >
                        <h3>
                          Note
                        </h3>
                        <div
                          class="c2"
                        >
                          <div
                            class="c4"
                            margin="5px"
                          >
                            <a
                              class="c6"
                              data-testid="details-link"
                              href="/note/358"
                              title="Note Details"
                            >
                              <span
                                class="c5"
                                data-testid="svg-icon"
                              >
                                <svg>
                                  details.svg
                                </svg>
                              </span>
                            </a>
                          </div>
                        </div>
                      </div>
                      <pre
                        class="c39"
                      >
                        Very important note
                      </pre>
                      <table
                        class="c27 c28"
                      >
                        <tbody
                          class=""
                        >
                          <tr>
                            <td>
                              <div
                                class="c26"
                              >
                                Modified
                              </div>
                            </td>
                            <td>
                              <div
                                class="c26"
                              >
                                Mon, Jun 3, 2019 1:05 PM CEST
                              </div>
                            </td>
                          </tr>
                        </tbody>
                      </table>
                    </div>
                  </div>
                </div>
              </div>
            </div>
          </div>
        </div>
      </section>
    </div>
    <a
      aria-hidden="true"
      style="display: none;"
    >
      Download
    </a>
  </div>
</body>
`;
